[2020-07-10T05:52:05.415-0100][gc,heap] Heap region size: 1M
[2020-07-10T05:52:05.416-0100][gc,heap,coops] Heap address: 0x00000007c0000000, size: 1024 MB, Compressed Oops mode: Zero based, Oop shift amount: 3
[2020-07-10T05:52:05.429-0100][gc           ] Using G1
[2020-07-10T05:52:05.429-0100][gc,cds       ] Mark closed archive regions in map: [0x00000007fff00000, 0x00000007fff7aff8]
[2020-07-10T05:52:05.429-0100][gc,cds       ] Mark open archive regions in map: [0x00000007ffe00000, 0x00000007ffe50ff8]
[2020-07-10T05:52:05.449-0100][gc           ] Periodic GC disabled
[2020-07-10T05:52:08.425-0100][gc,start     ] GC(0) Pause Young (Normal) (G1 Evacuation Pause)
[2020-07-10T05:52:08.425-0100][gc,task      ] GC(0) Using 4 workers of 4 for evacuation
[2020-07-10T05:52:08.436-0100][gc,phases    ] GC(0)   Pre Evacuate Collection Set: 0.1ms
[2020-07-10T05:52:08.436-0100][gc,phases    ] GC(0)   Merge Heap Roots: 0.1ms
[2020-07-10T05:52:08.436-0100][gc,phases    ] GC(0)   Evacuate Collection Set: 9.3ms
[2020-07-10T05:52:08.436-0100][gc,phases    ] GC(0)   Post Evacuate Collection Set: 0.8ms
[2020-07-10T05:52:08.436-0100][gc,phases    ] GC(0)   Other: 0.6ms
[2020-07-10T05:52:08.436-0100][gc,heap      ] GC(0) Eden regions: 51->0(44)
[2020-07-10T05:52:08.436-0100][gc,heap      ] GC(0) Survivor regions: 0->7(7)
[2020-07-10T05:52:08.436-0100][gc,heap      ] GC(0) Old regions: 0->0
[2020-07-10T05:52:08.436-0100][gc,heap      ] GC(0) Archive regions: 2->2
[2020-07-10T05:52:08.436-0100][gc,heap      ] GC(0) Humongous regions: 0->0
[2020-07-10T05:52:08.436-0100][gc,metaspace ] GC(0) Metaspace: 16005K(16512K)->16005K(16512K) NonClass: 13835K(14080K)->13835K(14080K) Class: 2170K(2432K)->2170K(2432K)
[2020-07-10T05:52:08.436-0100][gc           ] GC(0) Pause Young (Normal) (G1 Evacuation Pause) 51M->6M(1024M) 11.040ms
[2020-07-10T05:52:08.436-0100][gc,cpu       ] GC(0) User=0.02s Sys=0.00s Real=0.01s
[2020-07-10T05:52:09.505-0100][gc,start     ] GC(1) Pause Young (Concurrent Start) (Metadata GC Threshold)
[2020-07-10T05:52:09.505-0100][gc,task      ] GC(1) Using 4 workers of 4 for evacuation
[2020-07-10T05:52:09.518-0100][gc,phases    ] GC(1)   Pre Evacuate Collection Set: 0.1ms
[2020-07-10T05:52:09.518-0100][gc,phases    ] GC(1)   Merge Heap Roots: 0.1ms
[2020-07-10T05:52:09.518-0100][gc,phases    ] GC(1)   Evacuate Collection Set: 11.2ms
[2020-07-10T05:52:09.518-0100][gc,phases    ] GC(1)   Post Evacuate Collection Set: 0.9ms
[2020-07-10T05:52:09.518-0100][gc,phases    ] GC(1)   Other: 0.3ms
[2020-07-10T05:52:09.518-0100][gc,heap      ] GC(1) Eden regions: 20->0(49)
[2020-07-10T05:52:09.518-0100][gc,heap      ] GC(1) Survivor regions: 7->2(7)
[2020-07-10T05:52:09.518-0100][gc,heap      ] GC(1) Old regions: 0->6
[2020-07-10T05:52:09.518-0100][gc,heap      ] GC(1) Archive regions: 2->2
[2020-07-10T05:52:09.518-0100][gc,heap      ] GC(1) Humongous regions: 129->129
[2020-07-10T05:52:09.518-0100][gc,metaspace ] GC(1) Metaspace: 20558K(21296K)->20558K(21296K) NonClass: 17701K(18096K)->17701K(18096K) Class: 2856K(3200K)->2856K(3200K)
[2020-07-10T05:52:09.518-0100][gc           ] GC(1) Pause Young (Concurrent Start) (Metadata GC Threshold) 155M->137M(1024M) 12.955ms
[2020-07-10T05:52:09.518-0100][gc,cpu       ] GC(1) User=0.03s Sys=0.01s Real=0.01s
[2020-07-10T05:52:09.518-0100][gc           ] GC(2) Concurrent Cycle
[2020-07-10T05:52:09.518-0100][gc,marking   ] GC(2) Concurrent Clear Claimed Marks
[2020-07-10T05:52:09.518-0100][gc,marking   ] GC(2) Concurrent Clear Claimed Marks 0.076ms
[2020-07-10T05:52:09.518-0100][gc,marking   ] GC(2) Concurrent Scan Root Regions
[2020-07-10T05:52:09.527-0100][gc,marking   ] GC(2) Concurrent Scan Root Regions 8.296ms
[2020-07-10T05:52:09.527-0100][gc,marking   ] GC(2) Concurrent Mark (4.125s)
[2020-07-10T05:52:09.527-0100][gc,marking   ] GC(2) Concurrent Mark From Roots
[2020-07-10T05:52:09.527-0100][gc,task      ] GC(2) Using 1 workers of 1 for marking
[2020-07-10T05:52:09.529-0100][gc,marking   ] GC(2) Concurrent Mark From Roots 2.418ms
[2020-07-10T05:52:09.529-0100][gc,marking   ] GC(2) Concurrent Preclean
[2020-07-10T05:52:09.530-0100][gc,marking   ] GC(2) Concurrent Preclean 0.376ms
[2020-07-10T05:52:09.530-0100][gc,marking   ] GC(2) Concurrent Mark (4.125s, 4.128s) 2.959ms
[2020-07-10T05:52:09.530-0100][gc,start     ] GC(2) Pause Remark
[2020-07-10T05:52:09.532-0100][gc           ] GC(2) Pause Remark 137M->137M(1024M) 2.029ms
[2020-07-10T05:52:09.532-0100][gc,cpu       ] GC(2) User=0.01s Sys=0.00s Real=0.00s
[2020-07-10T05:52:09.532-0100][gc,marking   ] GC(2) Concurrent Rebuild Remembered Sets
[2020-07-10T05:52:09.540-0100][gc,marking   ] GC(2) Concurrent Rebuild Remembered Sets 7.508ms
[2020-07-10T05:52:09.540-0100][gc,start     ] GC(2) Pause Cleanup
[2020-07-10T05:52:09.541-0100][gc           ] GC(2) Pause Cleanup 137M->137M(1024M) 0.208ms
[2020-07-10T05:52:09.541-0100][gc,cpu       ] GC(2) User=0.00s Sys=0.00s Real=0.00s
[2020-07-10T05:52:09.541-0100][gc,marking   ] GC(2) Concurrent Cleanup for Next Mark
[2020-07-10T05:52:09.556-0100][gc,marking   ] GC(2) Concurrent Cleanup for Next Mark 15.222ms
[2020-07-10T05:52:09.556-0100][gc           ] GC(2) Concurrent Cycle 37.716ms
[2020-07-10T05:52:11.386-0100][gc,start     ] GC(3) Pause Young (Normal) (G1 Evacuation Pause)
[2020-07-10T05:52:11.387-0100][gc,task      ] GC(3) Using 4 workers of 4 for evacuation
[2020-07-10T05:52:11.396-0100][gc,phases    ] GC(3)   Pre Evacuate Collection Set: 0.1ms
[2020-07-10T05:52:11.396-0100][gc,phases    ] GC(3)   Merge Heap Roots: 0.1ms
[2020-07-10T05:52:11.396-0100][gc,phases    ] GC(3)   Evacuate Collection Set: 8.5ms
[2020-07-10T05:52:11.396-0100][gc,phases    ] GC(3)   Post Evacuate Collection Set: 0.6ms
[2020-07-10T05:52:11.396-0100][gc,phases    ] GC(3)   Other: 1.4ms
[2020-07-10T05:52:11.397-0100][gc,heap      ] GC(3) Eden regions: 49->0(46)
[2020-07-10T05:52:11.397-0100][gc,heap      ] GC(3) Survivor regions: 2->5(7)
[2020-07-10T05:52:11.397-0100][gc,heap      ] GC(3) Old regions: 6->6
[2020-07-10T05:52:11.397-0100][gc,heap      ] GC(3) Archive regions: 2->2
[2020-07-10T05:52:11.397-0100][gc,heap      ] GC(3) Humongous regions: 129->129
[2020-07-10T05:52:11.397-0100][gc,metaspace ] GC(3) Metaspace: 29851K(31152K)->29851K(31152K) NonClass: 26029K(26800K)->26029K(26800K) Class: 3822K(4352K)->3822K(4352K)
[2020-07-10T05:52:11.397-0100][gc           ] GC(3) Pause Young (Normal) (G1 Evacuation Pause) 186M->140M(1024M) 10.983ms
[2020-07-10T05:52:11.397-0100][gc,cpu       ] GC(3) User=0.02s Sys=0.01s Real=0.01s
[2020-07-10T06:07:44.927-0100][gc,start     ] GC(4) Pause Young (Concurrent Start) (Metadata GC Threshold)
[2020-07-10T06:07:44.927-0100][gc,task      ] GC(4) Using 4 workers of 4 for evacuation
[2020-07-10T06:07:44.954-0100][gc,mmu       ] GC(4) MMU target violated: 21.0ms (20.0ms/21.0ms)
[2020-07-10T06:07:44.954-0100][gc,phases    ] GC(4)   Pre Evacuate Collection Set: 2.1ms
[2020-07-10T06:07:44.954-0100][gc,phases    ] GC(4)   Merge Heap Roots: 0.1ms
[2020-07-10T06:07:44.954-0100][gc,phases    ] GC(4)   Evacuate Collection Set: 22.9ms
[2020-07-10T06:07:44.954-0100][gc,phases    ] GC(4)   Post Evacuate Collection Set: 0.7ms
[2020-07-10T06:07:44.954-0100][gc,phases    ] GC(4)   Other: 1.4ms
[2020-07-10T06:07:44.954-0100][gc,heap      ] GC(4) Eden regions: 28->0(49)
[2020-07-10T06:07:44.954-0100][gc,heap      ] GC(4) Survivor regions: 5->2(7)
[2020-07-10T06:07:44.954-0100][gc,heap      ] GC(4) Old regions: 6->11
[2020-07-10T06:07:44.954-0100][gc,heap      ] GC(4) Archive regions: 2->2
[2020-07-10T06:07:44.954-0100][gc,heap      ] GC(4) Humongous regions: 129->129
[2020-07-10T06:07:44.954-0100][gc,metaspace ] GC(4) Metaspace: 34252K(35920K)->34252K(35920K) NonClass: 29698K(30544K)->29698K(30544K) Class: 4553K(5376K)->4553K(5376K)
[2020-07-10T06:07:44.954-0100][gc           ] GC(4) Pause Young (Concurrent Start) (Metadata GC Threshold) 168M->141M(1024M) 27.401ms
[2020-07-10T06:07:44.954-0100][gc,cpu       ] GC(4) User=0.04s Sys=0.03s Real=0.03s
[2020-07-10T06:07:44.954-0100][gc           ] GC(5) Concurrent Cycle
[2020-07-10T06:07:44.954-0100][gc,marking   ] GC(5) Concurrent Clear Claimed Marks
[2020-07-10T06:07:44.954-0100][gc,marking   ] GC(5) Concurrent Clear Claimed Marks 0.141ms
[2020-07-10T06:07:44.955-0100][gc,marking   ] GC(5) Concurrent Scan Root Regions
[2020-07-10T06:07:44.964-0100][gc,marking   ] GC(5) Concurrent Scan Root Regions 9.344ms
[2020-07-10T06:07:44.964-0100][gc,marking   ] GC(5) Concurrent Mark (939.509s)
[2020-07-10T06:07:44.964-0100][gc,marking   ] GC(5) Concurrent Mark From Roots
[2020-07-10T06:07:44.964-0100][gc,task      ] GC(5) Using 1 workers of 1 for marking
[2020-07-10T06:07:44.984-0100][gc,marking   ] GC(5) Concurrent Mark From Roots 20.363ms
[2020-07-10T06:07:44.984-0100][gc,marking   ] GC(5) Concurrent Preclean
[2020-07-10T06:07:44.985-0100][gc,marking   ] GC(5) Concurrent Preclean 0.136ms
[2020-07-10T06:07:44.985-0100][gc,marking   ] GC(5) Concurrent Mark (939.509s, 939.530s) 20.584ms
[2020-07-10T06:07:44.987-0100][gc,start     ] GC(5) Pause Remark
[2020-07-10T06:07:45.005-0100][gc           ] GC(5) Pause Remark 142M->142M(1024M) 18.055ms
[2020-07-10T06:07:45.005-0100][gc,cpu       ] GC(5) User=0.01s Sys=0.03s Real=0.02s
[2020-07-10T06:07:45.006-0100][gc,marking   ] GC(5) Concurrent Rebuild Remembered Sets
[2020-07-10T06:07:45.023-0100][gc,marking   ] GC(5) Concurrent Rebuild Remembered Sets 17.637ms
[2020-07-10T06:07:45.024-0100][gc,start     ] GC(5) Pause Cleanup
[2020-07-10T06:07:45.024-0100][gc           ] GC(5) Pause Cleanup 142M->142M(1024M) 0.175ms
[2020-07-10T06:07:45.024-0100][gc,cpu       ] GC(5) User=0.00s Sys=0.00s Real=0.00s
[2020-07-10T06:07:45.024-0100][gc,marking   ] GC(5) Concurrent Cleanup for Next Mark
[2020-07-10T06:07:45.038-0100][gc,marking   ] GC(5) Concurrent Cleanup for Next Mark 14.193ms
[2020-07-10T06:07:45.038-0100][gc           ] GC(5) Concurrent Cycle 84.051ms
[2020-07-10T06:42:39.379-0100][gc,start     ] GC(6) Pause Young (Normal) (G1 Evacuation Pause)
[2020-07-10T06:42:39.381-0100][gc,task      ] GC(6) Using 4 workers of 4 for evacuation
[2020-07-10T06:42:39.412-0100][gc,mmu       ] GC(6) MMU target violated: 21.0ms (20.0ms/21.0ms)
[2020-07-10T06:42:39.412-0100][gc,phases    ] GC(6)   Pre Evacuate Collection Set: 4.9ms
[2020-07-10T06:42:39.412-0100][gc,phases    ] GC(6)   Merge Heap Roots: 0.3ms
[2020-07-10T06:42:39.412-0100][gc,phases    ] GC(6)   Evacuate Collection Set: 23.7ms
[2020-07-10T06:42:39.412-0100][gc,phases    ] GC(6)   Post Evacuate Collection Set: 1.7ms
[2020-07-10T06:42:39.412-0100][gc,phases    ] GC(6)   Other: 1.9ms
[2020-07-10T06:42:39.412-0100][gc,heap      ] GC(6) Eden regions: 49->0(49)
[2020-07-10T06:42:39.412-0100][gc,heap      ] GC(6) Survivor regions: 2->2(7)
[2020-07-10T06:42:39.412-0100][gc,heap      ] GC(6) Old regions: 11->11
[2020-07-10T06:42:39.412-0100][gc,heap      ] GC(6) Archive regions: 2->2
[2020-07-10T06:42:39.412-0100][gc,heap      ] GC(6) Humongous regions: 129->129
[2020-07-10T06:42:39.412-0100][gc,metaspace ] GC(6) Metaspace: 36165K(37968K)->36165K(37968K) NonClass: 31416K(32336K)->31416K(32336K) Class: 4748K(5632K)->4748K(5632K)
[2020-07-10T06:42:39.413-0100][gc           ] GC(6) Pause Young (Normal) (G1 Evacuation Pause) 190M->142M(1024M) 33.441ms
[2020-07-10T06:42:39.413-0100][gc,cpu       ] GC(6) User=0.02s Sys=0.07s Real=0.04s
[2020-07-10T07:03:07.065-0100][gc,start     ] GC(7) Pause Young (Normal) (G1 Evacuation Pause)
[2020-07-10T07:03:07.066-0100][gc,task      ] GC(7) Using 4 workers of 4 for evacuation
[2020-07-10T07:03:07.102-0100][gc,mmu       ] GC(7) MMU target violated: 21.0ms (20.0ms/21.0ms)
[2020-07-10T07:03:07.102-0100][gc,phases    ] GC(7)   Pre Evacuate Collection Set: 2.2ms
[2020-07-10T07:03:07.102-0100][gc,phases    ] GC(7)   Merge Heap Roots: 0.2ms
[2020-07-10T07:03:07.102-0100][gc,phases    ] GC(7)   Evacuate Collection Set: 31.3ms
[2020-07-10T07:03:07.102-0100][gc,phases    ] GC(7)   Post Evacuate Collection Set: 1.6ms
[2020-07-10T07:03:07.102-0100][gc,phases    ] GC(7)   Other: 1.7ms
[2020-07-10T07:03:07.102-0100][gc,heap      ] GC(7) Eden regions: 49->0(48)
[2020-07-10T07:03:07.102-0100][gc,heap      ] GC(7) Survivor regions: 2->3(7)
[2020-07-10T07:03:07.102-0100][gc,heap      ] GC(7) Old regions: 11->11
[2020-07-10T07:03:07.102-0100][gc,heap      ] GC(7) Archive regions: 2->2
[2020-07-10T07:03:07.102-0100][gc,heap      ] GC(7) Humongous regions: 129->129
[2020-07-10T07:03:07.102-0100][gc,metaspace ] GC(7) Metaspace: 36527K(38480K)->36527K(38480K) NonClass: 31763K(32848K)->31763K(32848K) Class: 4763K(5632K)->4763K(5632K)
[2020-07-10T07:03:07.102-0100][gc           ] GC(7) Pause Young (Normal) (G1 Evacuation Pause) 191M->143M(1024M) 37.057ms
[2020-07-10T07:03:07.102-0100][gc,cpu       ] GC(7) User=0.02s Sys=0.05s Real=0.04s
[2020-07-10T07:25:18.722-0100][gc,start     ] GC(8) Pause Young (Normal) (G1 Evacuation Pause)
[2020-07-10T07:25:18.724-0100][gc,task      ] GC(8) Using 4 workers of 4 for evacuation
[2020-07-10T07:25:18.773-0100][gc,mmu       ] GC(8) MMU target violated: 21.0ms (20.0ms/21.0ms)
[2020-07-10T07:25:18.773-0100][gc,phases    ] GC(8)   Pre Evacuate Collection Set: 6.9ms
[2020-07-10T07:25:18.773-0100][gc,phases    ] GC(8)   Merge Heap Roots: 0.4ms
[2020-07-10T07:25:18.773-0100][gc,phases    ] GC(8)   Evacuate Collection Set: 40.0ms
[2020-07-10T07:25:18.773-0100][gc,phases    ] GC(8)   Post Evacuate Collection Set: 1.4ms
[2020-07-10T07:25:18.773-0100][gc,phases    ] GC(8)   Other: 2.2ms
[2020-07-10T07:25:18.773-0100][gc,heap      ] GC(8) Eden regions: 48->0(47)
[2020-07-10T07:25:18.773-0100][gc,heap      ] GC(8) Survivor regions: 3->4(7)
[2020-07-10T07:25:18.773-0100][gc,heap      ] GC(8) Old regions: 11->11
[2020-07-10T07:25:18.773-0100][gc,heap      ] GC(8) Archive regions: 2->2
[2020-07-10T07:25:18.773-0100][gc,heap      ] GC(8) Humongous regions: 129->129
[2020-07-10T07:25:18.773-0100][gc,metaspace ] GC(8) Metaspace: 36584K(38480K)->36584K(38480K) NonClass: 31820K(32848K)->31820K(32848K) Class: 4763K(5632K)->4763K(5632K)
[2020-07-10T07:25:18.775-0100][gc           ] GC(8) Pause Young (Normal) (G1 Evacuation Pause) 191M->143M(1024M) 52.338ms
[2020-07-10T07:25:18.775-0100][gc,cpu       ] GC(8) User=0.03s Sys=0.07s Real=0.05s
[2020-07-10T07:42:28.919-0100][gc,start     ] GC(9) Pause Young (Normal) (G1 Evacuation Pause)
[2020-07-10T07:42:28.921-0100][gc,task      ] GC(9) Using 4 workers of 4 for evacuation
[2020-07-10T07:42:28.959-0100][gc,mmu       ] GC(9) MMU target violated: 21.0ms (20.0ms/21.0ms)
[2020-07-10T07:42:28.959-0100][gc,phases    ] GC(9)   Pre Evacuate Collection Set: 4.2ms
[2020-07-10T07:42:28.959-0100][gc,phases    ] GC(9)   Merge Heap Roots: 0.5ms
[2020-07-10T07:42:28.959-0100][gc,phases    ] GC(9)   Evacuate Collection Set: 31.4ms
[2020-07-10T07:42:28.959-0100][gc,phases    ] GC(9)   Post Evacuate Collection Set: 2.0ms
[2020-07-10T07:42:28.960-0100][gc,phases    ] GC(9)   Other: 2.2ms
[2020-07-10T07:42:28.960-0100][gc,heap      ] GC(9) Eden regions: 47->0(48)
[2020-07-10T07:42:28.960-0100][gc,heap      ] GC(9) Survivor regions: 4->3(7)
[2020-07-10T07:42:28.960-0100][gc,heap      ] GC(9) Old regions: 11->11
[2020-07-10T07:42:28.960-0100][gc,heap      ] GC(9) Archive regions: 2->2
[2020-07-10T07:42:28.960-0100][gc,heap      ] GC(9) Humongous regions: 129->129
[2020-07-10T07:42:28.960-0100][gc,metaspace ] GC(9) Metaspace: 36617K(38480K)->36617K(38480K) NonClass: 31853K(32848K)->31853K(32848K) Class: 4764K(5632K)->4764K(5632K)
[2020-07-10T07:42:28.960-0100][gc           ] GC(9) Pause Young (Normal) (G1 Evacuation Pause) 190M->143M(1024M) 40.616ms
[2020-07-10T07:42:28.960-0100][gc,cpu       ] GC(9) User=0.03s Sys=0.07s Real=0.05s
[2020-07-10T08:25:39.667-0100][gc,start     ] GC(10) Pause Young (Normal) (G1 Evacuation Pause)
[2020-07-10T08:25:39.668-0100][gc,task      ] GC(10) Using 4 workers of 4 for evacuation
[2020-07-10T08:25:39.721-0100][gc,mmu       ] GC(10) MMU target violated: 21.0ms (20.0ms/21.0ms)
[2020-07-10T08:25:39.721-0100][gc,phases    ] GC(10)   Pre Evacuate Collection Set: 2.1ms
[2020-07-10T08:25:39.721-0100][gc,phases    ] GC(10)   Merge Heap Roots: 0.2ms
[2020-07-10T08:25:39.721-0100][gc,phases    ] GC(10)   Evacuate Collection Set: 47.1ms
[2020-07-10T08:25:39.721-0100][gc,phases    ] GC(10)   Post Evacuate Collection Set: 3.3ms
[2020-07-10T08:25:39.721-0100][gc,phases    ] GC(10)   Other: 1.7ms
[2020-07-10T08:25:39.721-0100][gc,heap      ] GC(10) Eden regions: 48->0(48)
[2020-07-10T08:25:39.721-0100][gc,heap      ] GC(10) Survivor regions: 3->3(7)
[2020-07-10T08:25:39.721-0100][gc,heap      ] GC(10) Old regions: 11->11
[2020-07-10T08:25:39.721-0100][gc,heap      ] GC(10) Archive regions: 2->2
[2020-07-10T08:25:39.721-0100][gc,heap      ] GC(10) Humongous regions: 129->129
[2020-07-10T08:25:39.721-0100][gc,metaspace ] GC(10) Metaspace: 36718K(38480K)->36718K(38480K) NonClass: 31953K(32848K)->31953K(32848K) Class: 4764K(5632K)->4764K(5632K)
[2020-07-10T08:25:39.721-0100][gc           ] GC(10) Pause Young (Normal) (G1 Evacuation Pause) 191M->143M(1024M) 54.491ms
[2020-07-10T08:25:39.721-0100][gc,cpu       ] GC(10) User=0.03s Sys=0.08s Real=0.06s
